[0.021s][info][gc] Using G1
[3,262s][info][gc] GC(0) Pause Young (G1 Evacuation Pause) 79M->70M(900M) 189,495ms
[3,671s][info][gc] GC(1) Pause Young (G1 Evacuation Pause) 149M->151M(900M) 256,089ms
[4,062s][info][gc] GC(2) Pause Young (G1 Evacuation Pause) 226M->227M(900M) 239,463ms
[4,352s][info][gc] GC(3) Pause Young (G1 Evacuation Pause) 289M->290M(900M) 209,126ms
[4,515s][info][gc] GC(4) Pause Young (G1 Evacuation Pause) 356M->358M(900M) 83,199ms
[4,682s][info][gc] GC(5) Pause Young (G1 Evacuation Pause) 421M->423M(900M) 87,084ms
[4,762s][info][gc] GC(6) Pause Initial Mark (G1 Humongous Allocation) 447M->449M(900M) 47,116ms
[4,762s][info][gc] GC(7) Concurrent Cycle
[5,176s][info][gc] GC(7) Pause Remark 582M->582M(900M) 3,396ms
[5,298s][info][gc] GC(8) Pause Young (G1 Evacuation Pause) 597M->597M(900M) 98,035ms
[5,371s][info][gc] GC(7) Pause Cleanup 635M->511M(900M) 2,273ms
[5,375s][info][gc] GC(7) Concurrent Cycle 613,673ms
[5,490s][info][gc] GC(9) Pause Initial Mark (G1 Humongous Allocation) 520M->522M(900M) 93,644ms
[5,490s][info][gc] GC(10) Concurrent Cycle
[5,801s][info][gc] GC(11) Pause Young (G1 Evacuation Pause) 601M->603M(900M) 167,773ms
[6,199s][info][gc] GC(10) Pause Remark 615M->615M(900M) 10,023ms
[6,291s][info][gc] GC(10) Pause Cleanup 615M->540M(900M) 1,557ms
[6,295s][info][gc] GC(10) Concurrent Cycle 804,469ms
[7,548s][info][gc] GC(12) Pause Initial Mark (G1 Humongous Allocation) 540M->543M(900M) 59,875ms
[7,548s][info][gc] GC(13) Concurrent Cycle
[8,183s][info][gc] GC(13) Pause Remark 614M->614M(900M) 4,723ms
[8,291s][info][gc] GC(13) Pause Cleanup 614M->587M(900M) 2,660ms
[8,293s][info][gc] GC(13) Concurrent Cycle 744,656ms
[10,291s][info][gc] GC(14) Pause Initial Mark (G1 Humongous Allocation) 587M->588M(900M) 19,765ms
[10,291s][info][gc] GC(15) Concurrent Cycle
[11,386s][info][gc] GC(15) Pause Remark 681M->681M(900M) 4,296ms
[11,496s][info][gc] GC(15) Pause Cleanup 681M->625M(900M) 2,300ms
[11,498s][info][gc] GC(15) Concurrent Cycle 1206,888ms
[13,035s][info][gc] GC(16) Pause Initial Mark (G1 Humongous Allocation) 625M->623M(900M) 5,665ms
[13,035s][info][gc] GC(17) Concurrent Cycle
[13,569s][info][gc] GC(17) Pause Remark 747M->747M(900M) 4,210ms
[13,650s][info][gc] GC(17) Pause Cleanup 747M->569M(900M) 2,827ms
[13,653s][info][gc] GC(17) Concurrent Cycle 617,643ms
[15,894s][info][gc] GC(18) Pause Initial Mark (G1 Humongous Allocation) 569M->568M(900M) 5,651ms
[15,894s][info][gc] GC(19) Concurrent Cycle
[16,436s][info][gc] GC(19) Pause Remark 597M->597M(900M) 3,907ms
[16,527s][info][gc] GC(19) Pause Cleanup 597M->506M(900M) 2,806ms
[16,529s][info][gc] GC(19) Concurrent Cycle 635,070ms
[18,629s][info][gc] GC(20) Pause Initial Mark (G1 Humongous Allocation) 506M->505M(900M) 6,466ms
[18,629s][info][gc] GC(21) Concurrent Cycle
[19,168s][info][gc] GC(21) Pause Remark 674M->674M(900M) 3,989ms
[19,248s][info][gc] GC(21) Pause Cleanup 674M->646M(900M) 1,723ms
[19,250s][info][gc] GC(21) Concurrent Cycle 621,168ms
[19,836s][info][gc] GC(22) Pause Initial Mark (G1 Humongous Allocation) 649M->647M(900M) 9,683ms
[19,837s][info][gc] GC(23) Concurrent Cycle
[20,458s][info][gc] GC(24) Pause Young (G1 Evacuation Pause) 805M->805M(900M) 349,036ms
[20,740s][info][gc] GC(23) Pause Remark 812M->812M(900M) 6,530ms
[20,832s][info][gc] GC(23) Pause Cleanup 812M->690M(900M) 4,352ms
[20,835s][info][gc] GC(23) Concurrent Cycle 998,306ms
[21,577s][info][gc] GC(25) Pause Initial Mark (G1 Humongous Allocation) 690M->692M(900M) 69,786ms
[21,577s][info][gc] GC(26) Concurrent Cycle
[22,311s][info][gc] GC(26) Pause Remark 722M->722M(900M) 4,672ms
[22,420s][info][gc] GC(26) Pause Cleanup 722M->672M(900M) 2,329ms
[22,422s][info][gc] GC(26) Concurrent Cycle 845,538ms
[24,376s][info][gc] GC(27) Pause Initial Mark (G1 Humongous Allocation) 672M->672M(900M) 29,143ms
[24,399s][info][gc] GC(28) Concurrent Cycle
[25,137s][info][gc] GC(28) Pause Remark 702M->702M(900M) 6,646ms
[25,256s][info][gc] GC(28) Pause Cleanup 702M->674M(900M) 1,441ms
[25,258s][info][gc] GC(28) Concurrent Cycle 858,802ms
[27,202s][info][gc] GC(29) Pause Initial Mark (G1 Humongous Allocation) 674M->672M(900M) 9,094ms
[27,202s][info][gc] GC(30) Concurrent Cycle
[27,805s][info][gc] GC(30) Pause Remark 701M->701M(900M) 3,708ms
[27,884s][info][gc] GC(30) Pause Cleanup 701M->557M(900M) 1,671ms
[27,886s][info][gc] GC(30) Concurrent Cycle 683,875ms
[30,045s][info][gc] GC(31) Pause Initial Mark (G1 Humongous Allocation) 557M->556M(900M) 7,022ms
[30,045s][info][gc] GC(32) Concurrent Cycle
[30,098s][info][gc] GC(33) Pause Young (G1 Humongous Allocation) 584M->584M(900M) 23,732ms
[30,995s][info][gc] GC(34) Pause Full (Allocation Failure) 584M->518M(900M) 896,465ms
[31,941s][info][gc] GC(35) Pause Full (Allocation Failure) 518M->518M(900M) 945,523ms
[31,941s][info][gc] GC(32) Concurrent Cycle 1895,440ms
[37,440s][info][gc] GC(36) Pause Initial Mark (G1 Humongous Allocation) 521M->520M(900M) 7,403ms
[37,440s][info][gc] GC(37) Concurrent Cycle
[37,451s][info][gc] GC(37) Pause Remark 523M->523M(900M) 4,425ms
[37,458s][info][gc] GC(37) Pause Cleanup 524M->53M(900M) 5,481ms
[37,461s][info][gc] GC(37) Concurrent Cycle 21,316ms
[51,789s][info][gc] GC(38) Pause Young (G1 Evacuation Pause) 225M->223M(900M) 349,872ms
[52,401s][info][gc] GC(39) Pause Young (G1 Evacuation Pause) 378M->380M(900M) 347,306ms
[66,409s][info][gc] GC(40) Pause Young (G1 Evacuation Pause) 435M->436M(900M) 210,082ms
[66,450s][info][gc] GC(41) Pause Initial Mark (G1 Humongous Allocation) 437M->439M(900M) 40,949ms
[66,451s][info][gc] GC(42) Concurrent Cycle
[66,517s][info][gc] GC(42) Pause Remark 484M->484M(900M) 4,129ms
[66,534s][info][gc] GC(42) Pause Cleanup 489M->146M(900M) 2,733ms
[66,537s][info][gc] GC(42) Concurrent Cycle 86,037ms
[66,729s][info][gc] GC(43) Pause Young (G1 Evacuation Pause) 191M->191M(900M) 128,519ms
[80,636s][info][gc] GC(44) Pause Mixed (G1 Evacuation Pause) 246M->237M(900M) 97,150ms
[80,847s][info][gc] GC(45) Pause Mixed (G1 Evacuation Pause) 310M->307M(900M) 98,572ms
[94,891s][info][gc] GC(46) Pause Young (G1 Evacuation Pause) 403M->404M(900M) 177,784ms
[95,032s][info][gc] GC(47) Pause Initial Mark (G1 Humongous Allocation) 423M->424M(900M) 107,898ms
[95,032s][info][gc] GC(48) Concurrent Cycle
[95,088s][info][gc] GC(48) Pause Remark 466M->466M(900M) 3,064ms
[95,101s][info][gc] GC(48) Pause Cleanup 470M->150M(900M) 2,257ms
[95,103s][info][gc] GC(48) Concurrent Cycle 71,182ms
[95,315s][info][gc] GC(49) Pause Young (G1 Evacuation Pause) 195M->197M(900M) 148,062ms
[109,244s][info][gc] GC(50) Pause Mixed (G1 Evacuation Pause) 252M->241M(900M) 118,165ms
[109,504s][info][gc] GC(51) Pause Mixed (G1 Evacuation Pause) 314M->304M(900M) 139,770ms
[123,487s][info][gc] GC(52) Pause Young (G1 Evacuation Pause) 385M->385M(900M) 146,460ms
[123,630s][info][gc] GC(53) Pause Initial Mark (G1 Humongous Allocation) 422M->425M(900M) 82,338ms
[123,630s][info][gc] GC(54) Concurrent Cycle
[123,685s][info][gc] GC(54) Pause Remark 466M->466M(900M) 3,537ms
[123,699s][info][gc] GC(54) Pause Cleanup 470M->130M(900M) 2,408ms
[123,703s][info][gc] GC(54) Concurrent Cycle 72,329ms
[123,995s][info][gc] GC(55) Pause Young (G1 Evacuation Pause) 191M->193M(900M) 189,339ms
